******************************************************************************
                  TI ARM Linker PC v20.2.5                     
******************************************************************************
>> Linked Tue May 11 23:05:03 2021

OUTPUT FILE NAME:   <Experimento_1.out>
ENTRY POINT SYMBOL: "_c_int00_noinit_noargs"  address: 000005e9


MEMORY CONFIGURATION

         name            origin    length      used     unused   attr    fill
----------------------  --------  ---------  --------  --------  ----  --------
  FLASH                 00000000   00040000  0000068e  0003f972  R  X
  SRAM                  20000000   00008000  00000200  00007e00  RW X


SEGMENT ALLOCATION MAP

run origin  load origin   length   init length attrs members
----------  ----------- ---------- ----------- ----- -------
00000000    00000000    0000068e   0000068e    r-x
  00000000    00000000    0000026c   0000026c    r-- .intvecs
  0000026c    0000026c    00000422   00000422    r-x .text
20000000    20000000    00000200   00000000    rw-
  20000000    20000000    00000200   00000000    rw- .stack


SECTION ALLOCATION MAP

 output                                  attributes/
section   page    origin      length       input sections
--------  ----  ----------  ----------   ----------------
.intvecs   0    00000000    0000026c     
                  00000000    0000026c     tm4c123gh6pm_startup_ccs.obj (.intvecs)

.text      0    0000026c    00000422     
                  0000026c    00000132     driverlib.lib : gpio.obj (.text:GPIOPadConfigSet)
                  0000039e    00000002     --HOLE-- [fill = 0]
                  000003a0    00000120     main.obj (.text)
                  000004c0    000000f4     driverlib.lib : sysctl.obj (.text:SysCtlClockSet)
                  000005b4    00000034                   : sysctl.obj (.text:SysCtlPeripheralEnable)
                  000005e8    0000002c     rtsv7M4_T_le_v4SPD16_eabi.lib : boot_cortex_m.c.obj (.text:_c_int00_noinit_noargs:_c_int00_noinit_noargs)
                  00000614    0000002a     driverlib.lib : gpio.obj (.text:GPIODirModeSet)
                  0000063e    00000018                   : gpio.obj (.text:GPIOPinTypeGPIOOutput)
                  00000656    00000012                   : gpio.obj (.text:GPIOPinTypeGPIOInput)
                  00000668    0000000c     tm4c123gh6pm_startup_ccs.obj (.text)
                  00000674    00000006     driverlib.lib : gpio.obj (.text:GPIOPinRead)
                  0000067a    00000006                   : gpio.obj (.text:GPIOPinWrite)
                  00000680    00000006                   : sysctl.obj (.text:SysCtlDelay)
                  00000686    00000004     rtsv7M4_T_le_v4SPD16_eabi.lib : pre_init.c.obj (.text:_system_pre_init)
                  0000068a    00000004                                   : exit.c.obj (.text:abort:abort)

.cinit     0    00000000    00000000     UNINITIALIZED

.init_array 
*          0    00000000    00000000     UNINITIALIZED

.stack     0    20000000    00000200     UNINITIALIZED
                  20000000    00000004     rtsv7M4_T_le_v4SPD16_eabi.lib : boot_cortex_m.c.obj (.stack)
                  20000004    000001fc     --HOLE--

__llvm_prf_cnts 
*          0    20000000    00000000     UNINITIALIZED

MODULE SUMMARY

       Module                         code   ro data   rw data
       ------                         ----   -------   -------
    .\
       tm4c123gh6pm_startup_ccs.obj   12     620       0      
       main.obj                       288    0         0      
    +--+------------------------------+------+---------+---------+
       Total:                         300    620       0      
                                                              
    C:/ti/TivaWare_C_Series-2.1.4.178/driverlib/ccs/Debug/driverlib.lib
       gpio.obj                       402    0         0      
       sysctl.obj                     302    0         0      
    +--+------------------------------+------+---------+---------+
       Total:                         704    0         0      
                                                              
    C:\ti\ccs1031\ccs\tools\compiler\ti-cgt-arm_20.2.5.LTS\lib\rtsv7M4_T_le_v4SPD16_eabi.lib
       boot_cortex_m.c.obj            44     0         0      
       exit.c.obj                     4      0         0      
       pre_init.c.obj                 4      0         0      
    +--+------------------------------+------+---------+---------+
       Total:                         52     0         0      
                                                              
       Stack:                         0      0         512    
    +--+------------------------------+------+---------+---------+
       Grand Total:                   1056   620       512    


GLOBAL SYMBOLS: SORTED ALPHABETICALLY BY Name 

address   name                   
-------   ----                   
0000068b  C$$EXIT                
00000615  GPIODirModeSet         
0000026d  GPIOPadConfigSet       
00000675  GPIOPinRead            
00000657  GPIOPinTypeGPIOInput   
0000063f  GPIOPinTypeGPIOOutput  
0000067b  GPIOPinWrite           
00000669  ResetISR               
000004c1  SysCtlClockSet         
00000681  SysCtlDelay            
000005b5  SysCtlPeripheralEnable 
20000200  __STACK_END            
00000200  __STACK_SIZE           
20000200  __STACK_TOP            
ffffffff  __TI_pprof_out_hndl    
ffffffff  __TI_prof_data_size    
ffffffff  __TI_prof_data_start   
00000000  __TI_static_base__     
ffffffff  __binit__              
ffffffff  __c_args__             
UNDEFED   __mpu_init             
20000000  __stack                
20000000  __start___llvm_prf_cnts
20000000  __stop___llvm_prf_cnts 
000005e9  _c_int00_noinit_noargs 
00000687  _system_pre_init       
0000068b  abort                  
ffffffff  binit                  
00000000  g_pfnVectors           
000003a1  main                   


GLOBAL SYMBOLS: SORTED BY Symbol Address 

address   name                   
-------   ----                   
00000000  __TI_static_base__     
00000000  g_pfnVectors           
00000200  __STACK_SIZE           
0000026d  GPIOPadConfigSet       
000003a1  main                   
000004c1  SysCtlClockSet         
000005b5  SysCtlPeripheralEnable 
000005e9  _c_int00_noinit_noargs 
00000615  GPIODirModeSet         
0000063f  GPIOPinTypeGPIOOutput  
00000657  GPIOPinTypeGPIOInput   
00000669  ResetISR               
00000675  GPIOPinRead            
0000067b  GPIOPinWrite           
00000681  SysCtlDelay            
00000687  _system_pre_init       
0000068b  C$$EXIT                
0000068b  abort                  
20000000  __stack                
20000000  __start___llvm_prf_cnts
20000000  __stop___llvm_prf_cnts 
20000200  __STACK_END            
20000200  __STACK_TOP            
ffffffff  __TI_pprof_out_hndl    
ffffffff  __TI_prof_data_size    
ffffffff  __TI_prof_data_start   
ffffffff  __binit__              
ffffffff  __c_args__             
ffffffff  binit                  
UNDEFED   __mpu_init             

[30 symbols]
